pbuf.c:138:1:pbuf_free_ooseq_callback	8	static
pbuf.c:507:1:pbuf_header_impl.part.0	12	static
pbuf.c:147:1:pbuf_pool_is_empty	16	static
pbuf.c:364:1:pbuf_alloced_custom	16	static
pbuf.c:603:1:pbuf_header	0	static
pbuf.c:613:1:pbuf_header_force	0	static
pbuf.c:652:1:pbuf_free	16	static
pbuf.c:199:1:pbuf_alloc	32	static
pbuf.c:431:1:pbuf_realloc	16	static
pbuf.c:738:1:pbuf_clen	0	static
pbuf.c:757:1:pbuf_ref	0	static
pbuf.c:779:1:pbuf_cat	8	static
pbuf.c:820:1:pbuf_chain	8	static
pbuf.c:837:1:pbuf_dechain	8	static
pbuf.c:886:1:pbuf_copy	24	static
pbuf.c:952:1:pbuf_copy_partial	24	static
pbuf.c:1048:1:pbuf_skip	0	static
pbuf.c:1075:1:pbuf_take	24	static
pbuf.c:1117:1:pbuf_take_at	32	static
pbuf.c:1152:1:pbuf_coalesce	16	static
pbuf.c:1219:1:pbuf_get_at	16	static
pbuf.c:1239:1:pbuf_put_at	16	static
pbuf.c:1260:1:pbuf_memcmp	32	static
pbuf.c:1296:1:pbuf_memfind	24	static
pbuf.c:1322:1:pbuf_strstr	16	static
