tcp.c:708:1:tcp_new_port	20	static
tcp.c:127:1:tcp_init	0	static
tcp.c:439:1:tcp_bind	24	static
tcp.c:532:1:tcp_listen_with_backlog	16	static
tcp.c:630:7:tcp_update_rcv_ann_wnd	12	static
tcp.c:664:1:tcp_recved	8	static
tcp.c:1162:1:tcp_txnow	8	static
tcp.c:1254:1:tcp_seg_free	8	static
tcp.c:1239:1:tcp_segs_free	8	static
tcp.c:1274:1:tcp_setprio	0	static
tcp.c:1288:1:tcp_seg_copy	16	static
tcp.c:1565:1:tcp_arg	0	static
tcp.c:1581:1:tcp_recv	0	static
tcp.c:1595:1:tcp_sent	0	static
tcp.c:1610:1:tcp_err	0	static
tcp.c:1625:1:tcp_accept	0	static
tcp.c:1641:1:tcp_poll	0	static
tcp.c:1659:1:tcp_pcb_purge	16	static
tcp.c:860:1:tcp_slowtmr	56	static
tcp.c:1728:1:tcp_pcb_remove	8	static
tcp.c:167:1:tcp_close_shutdown	24	static
tcp.c:284:1:tcp_close	0	static
tcp.c:1308:1:tcp_recv_null	8	static
tcp.c:1175:1:tcp_process_refused_data	24	static
tcp.c:1121:1:tcp_fasttmr	32	static
tcp.c:138:1:tcp_tmr	8	static
tcp.c:310:1:tcp_shutdown	16	static
tcp.c:354:1:tcp_abandon	40	static
tcp.c:419:1:tcp_abort	0	static
tcp.c:506:1:tcp_accept_null	8	static
tcp.c:1843:1:tcp_netif_ipv4_addr_changed_pcblist	16	static
tcp.c:1359:1:tcp_kill_state	8	static
tcp.c:1763:1:tcp_next_iss	0	static
tcp.c:1419:1:tcp_alloc	24	static
tcp.c:1532:1:tcp_new	0	static
tcp.c:1778:1:tcp_eff_send_mss_impl	8	static
tcp.c:746:1:tcp_connect	24	static
tcp.c:1871:6:tcp_netif_ipv4_addr_changed	16	static
tcp.c:1898:1:tcp_debug_state_str	0	static
