etharp.c:178:1:etharp_free_entry	16	static
etharp.c:424:1:etharp_send_ip	8	static
etharp.c:266:1:etharp_find_entry.isra.0	48	static
etharp.c:1264:1:etharp_raw.constprop	32	static
etharp.c:604:6:etharp_cleanup_netif	16	static
etharp.c:628:1:etharp_find_addr	24	static
etharp.c:657:1:etharp_get_entry	16	static
etharp.c:1390:1:etharp_request	16	static
etharp.c:207:1:etharp_tmr	24	static
etharp.c:893:1:etharp_output_to_arp_index	40	static
etharp.c:1089:1:etharp_query	24	static
etharp.c:937:1:etharp_output	32	static
etharp.c:1406:1:ethernet_input	48	static
