sys_arch.c:53:7:sys_mbox_new	8	static
sys_arch.c:77:6:sys_mbox_free	8	static
sys_arch.c:99:6:sys_mbox_post	24	static
sys_arch.c:107:7:sys_mbox_trypost	16	static
sys_arch.c:144:7:sys_arch_mbox_fetch	32	static
sys_arch.c:187:7:sys_arch_mbox_tryfetch	16	static
sys_arch.c:206:5:sys_mbox_valid	0	static
sys_arch.c:214:6:sys_mbox_set_invalid	0	static
sys_arch.c:222:7:sys_sem_new	16	static
sys_arch.c:264:7:sys_arch_sem_wait	16	static
sys_arch.c:313:5:sys_sem_valid	0	static
sys_arch.c:322:6:sys_sem_set_invalid	0	static
sys_arch.c:329:6:sys_init	0	static
sys_arch.c:340:7:sys_mutex_new	8	static
sys_arch.c:361:6:sys_mutex_free	0	static
sys_arch.c:304:6:sys_sem_free	0	static
sys_arch.c:371:6:sys_mutex_lock	0	static
sys_arch.c:378:6:sys_mutex_unlock	0	static
sys_arch.c:297:6:sys_sem_signal	0	static
sys_arch.c:392:14:sys_thread_new	32	static
sys_arch.c:433:12:sys_arch_protect	8	static
sys_arch.c:445:6:sys_arch_unprotect	0	static
sys_arch.c:454:6:sys_assert	8	static
