sockets.c:402:1:tryget_socket	0	static
sockets.c:423:1:alloc_socket	20	static
sockets.c:1305:1:lwip_selscan	72	static
sockets.c:1852:1:lwip_getsockopt_callback	24	static
sockets.c:2254:1:lwip_setsockopt_callback	16	static
sockets.c:372:1:get_socket	8	static
sockets.c:1728:1:lwip_getaddrname	48	static
sockets.c:1566:1:event_callback	40	static
sockets.c:353:1:lwip_socket_thread_init	0	static
sockets.c:360:1:lwip_socket_thread_cleanup	0	static
sockets.c:489:1:lwip_accept	80	static
sockets.c:580:1:lwip_bind	24	static
sockets.c:623:1:lwip_close	16	static
sockets.c:659:1:lwip_connect	24	static
sockets.c:716:1:lwip_listen	16	static
sockets.c:748:1:lwip_recvfrom	88	static
sockets.c:924:1:lwip_read	16	static
sockets.c:930:1:lwip_recv	16	static
sockets.c:972:1:lwip_sendmsg	56	static
sockets.c:1115:1:lwip_sendto	48	static
sockets.c:936:1:lwip_send	40	static
sockets.c:1206:1:lwip_socket	16	static
sockets.c:1266:1:lwip_write	0	static
sockets.c:1272:1:lwip_writev	40	static
sockets.c:1364:1:lwip_select	128	static
sockets.c:1687:1:lwip_shutdown	16	static
sockets.c:1764:1:lwip_getpeername	0	static
sockets.c:1770:1:lwip_getsockname	0	static
sockets.c:1776:1:lwip_getsockopt	64	static
sockets.c:2183:1:lwip_setsockopt	56	static
sockets.c:2595:1:lwip_ioctl	16	static
sockets.c:2690:1:lwip_fcntl	16	static
