stm32f7xx_hal_eth.c:2016:13:ETH_FlushTransmitFIFO	24	static
stm32f7xx_hal_eth.c:1601:13:ETH_MACDMAConfig	16	static
stm32f7xx_hal_eth.c:473:19:HAL_ETH_DMATxDescListInit	20	static
stm32f7xx_hal_eth.c:540:19:HAL_ETH_DMARxDescListInit	24	static
stm32f7xx_hal_eth.c:607:13:HAL_ETH_MspInit	0	static
stm32f7xx_hal_eth.c:623:13:HAL_ETH_MspDeInit	0	static
stm32f7xx_hal_eth.c:446:19:HAL_ETH_DeInit	8	static
stm32f7xx_hal_eth.c:667:19:HAL_ETH_TransmitFrame	20	static
stm32f7xx_hal_eth.c:780:19:HAL_ETH_GetReceivedFrame	12	static
stm32f7xx_hal_eth.c:860:19:HAL_ETH_GetReceivedFrame_IT	12	static
stm32f7xx_hal_eth.c:1005:13:HAL_ETH_TxCpltCallback	0	static
stm32f7xx_hal_eth.c:1021:13:HAL_ETH_RxCpltCallback	0	static
stm32f7xx_hal_eth.c:1037:13:HAL_ETH_ErrorCallback	0	static
stm32f7xx_hal_eth.c:945:6:HAL_ETH_IRQHandler	16	static
stm32f7xx_hal_eth.c:1059:19:HAL_ETH_ReadPHYRegister	24	static
stm32f7xx_hal_eth.c:1131:19:HAL_ETH_WritePHYRegister	16	static
stm32f7xx_hal_eth.c:173:19:HAL_ETH_Init	32	static
stm32f7xx_hal_eth.c:1223:19:HAL_ETH_Start	24	static
stm32f7xx_hal_eth.c:1262:19:HAL_ETH_Stop	24	static
stm32f7xx_hal_eth.c:1302:19:HAL_ETH_ConfigMAC	24	static
stm32f7xx_hal_eth.c:1469:19:HAL_ETH_ConfigDMA	24	static
stm32f7xx_hal_eth.c:1576:22:HAL_ETH_GetState	0	static
